// Jest Snapshot v1, https://goo.gl/fbAQLP

exports[`Header should match snapshot 1`] = `
<header
  className="sc-bwzfXH kGqwtf"
>
  <h1
    className="sc-bdVaJa bUEgTO"
  >
    My Movies
  </h1>
</header>
`;

exports[`Main component should match empty snapshot 1`] = `
<main>
  <div
    className="sc-htpNat VPkom"
  >
    Movies now playing
  </div>
  <div>
    <label>
      Choose a minimum rating: 
    </label>
    <select
      className="sc-bxivhb jUndbY"
      onChange={[Function]}
      value={0}
    >
      <option
        value="0"
      >
        none
      </option>
      <option
        value={5}
      >
        5
      </option>
      <option
        value={5.5}
      >
        5.5
      </option>
      <option
        value={6}
      >
        6
      </option>
      <option
        value={6.5}
      >
        6.5
      </option>
      <option
        value={7}
      >
        7
      </option>
      <option
        value={7.5}
      >
        7.5
      </option>
      <option
        value={8}
      >
        8
      </option>
      <option
        value={8.5}
      >
        8.5
      </option>
      <option
        value={9}
      >
        9
      </option>
      <option
        value={9.5}
      >
        9.5
      </option>
      <option
        value={10}
      >
        10
      </option>
    </select>
  </div>
  <div
    className="sc-EHOje dgfsxR"
  />
  <footer
    className="sc-bZQynM jTTzqW"
  >
    <img
      alt="tmdb logo"
      className="sc-gzVnrw bylXzw"
      src="tmdb-logo.png"
    />
    <div
      className="sc-htoDjs hXIZpn"
    >
      This product uses the TMDb API but is not endorsed or certified by TMDb.
    </div>
  </footer>
</main>
`;
